System Bootstrap, Version 15.1(4)M4, RELEASE SOFTWARE (fc1)
Technical Support: http://www.cisco.com/techsupport
Copyright (c) 2010 by cisco Systems, Inc.
Total memory size = 512 MB - On-board = 512 MB, DIMM0 = 0 MB
CISCO2901/K9 platform with 524288 Kbytes of main memory
Main memory is configured to 72/-1(On-board/DIMM0) bit mode with ECC disabled

Readonly ROMMON initialized

program load complete, entry point: 0x80803000, size: 0x1b340
program load complete, entry point: 0x80803000, size: 0x1b340

IOS Image Load Test
___________________
Digitally Signed Release Software
program load complete, entry point: 0x81000000, size: 0x3bcd3d8
Self decompressing the image :
########################################################################## [OK]
Smart Init is enabled
smart init is sizing iomem
                  TYPE      MEMORY_REQ
     Onboard devices &
          buffer pools      0x0228F000
-----------------------------------------------
                TOTAL:      0x0228F000
Rounded IOMEM up to: 36Mb.
Using 6 percent iomem. [36Mb/512Mb]

              Restricted Rights Legend

Use, duplication, or disclosure by the Government is
subject to restrictions as set forth in subparagraph
(c) of the Commercial Computer Software - Restricted
Rights clause at FAR sec. 52.227-19 and subparagraph
(c) (1) (ii) of the Rights in Technical Data and Computer
Software clause at DFARS sec. 252.227-7013.

           cisco Systems, Inc.
           170 West Tasman Drive
           San Jose, California 95134-1706

Cisco IOS Software, C2900 Software (C2900-UNIVERSALK9-M), Version 15.1(4)M5, RELEASE SOFTWARE (fc2)Technical Support: http://www.cisco.com/techsupport
Copyright (c) 1986-2007 by Cisco Systems, Inc.
Compiled Wed 18-Jul-07 04:52 by pt_team
Image text-base: 0x2100F918, data-base: 0x24729040

This product contains cryptographic features and is subject to United
States and local country laws governing import, export, transfer and
use. Delivery of Cisco cryptographic products does not imply
third-party authority to import, export, distribute or use encryption.
Importers, exporters, distributors and users are responsible for
compliance with U.S. and local country laws. By using this product you
agree to comply with applicable laws and regulations. If you are unable
to comply with U.S. and local laws, return this product immediately.

A summary of U.S. laws governing Cisco cryptographic products may be found at:
http://www.cisco.com/wwl/export/crypto/tool/stqrg.html

If you require further assistance please contact us by sending email to
export@cisco.com.

Cisco CISCO2901/K9 (revision 1.0) with 491520K/32768K bytes of memory.
Processor board ID FTX152400KS
2 Gigabit Ethernet interfaces
DRAM configuration is 64 bits wide with parity disabled.
255K bytes of non-volatile configuration memory.
249856K bytes of ATA System CompactFlash 0 (Read/Write)


         --- System Configuration Dialog ---

Would you like to enter the initial configuration dialog? [yes/no]: yes

At any point you may enter a question mark '?' for help.
Use ctrl-c to abort configuration dialog at any prompt.
Default settings are in square brackets '[]'.


Basic management setup configures only enough connectivity
for management of the system, extended setup will ask you
to configure each interface on the system

Would you like to enter basic management setup? [yes/no]: yes
Configuring global parameters:

  Enter host name [Router]: KP_R1

  The enable secret is a password used to protect access to
  privileged EXEC and configuration modes. This password, after
  entered, becomes encrypted in the configuration.
  Enter enable secret: tele33324

  The enable password is used when you do not specify an
  enable secret password, with some older software versions, and
  some boot images.
  Enter enable password: cisco

  The virtual terminal password is used to protect
  access to the router over a network interface.
  Enter virtual terminal password: 
% No defaulting allowed

Current interface summary

Interface              IP-Address      OK? Method Status                Protocol

GigabitEthernet0/0     unassigned      YES manual administratively down down

GigabitEthernet0/1     unassigned      YES manual administratively down down

Vlan1                  unassigned      YES manual administratively down down

Enter interface name used to connect to the
management network from the above interface summary: GigabitEthernet0/0

Configuring interface GigabitEthernet0/0:
  Configure IP on this interface? [yes]: no

The following configuration command script was created:

!
hostname KP_R1
enable secret 5 $1$mERr$qSeKZx/X0DYgT4LdBBj4n1
enable password cisco
line vty 0 4
password 
!
interface Vlan1
 shutdown
 no ip address
!
interface GigabitEthernet0/0
 no shutdown
 no ip address
!
interface GigabitEthernet0/1
 shutdown
 no ip address
!
end

[0] Go to the IOS command prompt without saving this config.
[1] Return back to the setup without saving this config.
[2] Save this configuration to nvram and exit.

Enter your selection [2]: 2
Building configuration...
[OK]
Use the enabled mode 'configure' command to modify this configuration.


Press RETURN to get started!


%LINK-5-CHANGED: Interface Vlan1, changed state to up

%LINK-5-CHANGED: Interface GigabitEthernet0/0, changed state to up

%LINK-5-CHANGED: Interface GigabitEthernet0/1, changed state to up

%LINK-5-CHANGED: Interface Vlan1, changed state to administratively down

%LINK-5-CHANGED: Interface GigabitEthernet0/1, changed state to administratively down

%SYS-5-CONFIG_I: Configured from console by console


###################################################################################
############################# CONFIG ROUTER TIMEZONE ##############################
###################################################################################
KP_R1#
KP_R1#
KP_R1#confi
KP_R1#configure term
KP_R1#configure terminal 
Enter configuration commands, one per line.  End with CNTL/Z.
KP_R1(config)#clock time
KP_R1(config)#clock timezone ETC -5
KP_R1(config)#
KP_R1(config)#
KP_R1(config)#
KP_R1(config)#end
KP_R1#
%SYS-5-CONFIG_I: Configured from console by console

KP_R1#writ
KP_R1#write 
Building configuration...
[OK]

###################################################################################
############################# CONFIG INTERFACE IP #################################
###################################################################################
KP_R1#
KP_R1#confi
KP_R1#configure term
KP_R1#configure terminal 
Enter configuration commands, one per line.  End with CNTL/Z.
KP_R1(config)#int
KP_R1(config)#interface gig
KP_R1(config)#interface gigabitEthernet 0/0
KP_R1(config-if)#ip add
KP_R1(config-if)#ip address 14.10.10.1 255.255.255.252 
KP_R1(config-if)#ipv
KP_R1(config-if)#ipv6 en
KP_R1(config-if)#ipv6 enable 
KP_R1(config-if)#ip
KP_R1(config-if)#ipv
KP_R1(config-if)#ipv6 add
KP_R1(config-if)#ipv6 address 2167:f798:ffff::/127
KP_R1(config-if)#no shu
KP_R1(config-if)#no shutdown 
KP_R1(config-if)#end
KP_R1#
%SYS-5-CONFIG_I: Configured from console by console

KP_R1#wri
KP_R1#write 
Building configuration...
[OK]
KP_R1#
KP_R1#exit


###################################################################################
############################# CONFIG STATIC ROUTES ################################
###################################################################################
KP_R1#conf
KP_R1#configure term
KP_R1#configure terminal 
Enter configuration commands, one per line.  End with CNTL/Z.
KP_R1(config)#ip route
KP_R1(config)#ip route 10.14.14.0 255.255.255.0 Gig
KP_R1(config)#ip route 10.14.14.0 255.255.255.0 GigabitEthernet0/1 1
KP_R1(config)#ip route 10.14.14.0 255.255.255.0 GigabitEthernet0/1 3
KP_R1(config)#no ip route 10.14.14.0 255.255.255.0 GigabitEthernet0/1 3
KP_R1(config)#no ip route 10.14.14.0 255.255.255.0 GigabitEthernet0/0 3
%No matching route to delete
KP_R1(config)#ip route 10.14.14.0 255.255.255.0 GigabitEthernet0/0 3
KP_R1(config)#end
KP_R1#


###################################################################################
############################# CONFIG LOOPBACK ADDRESS #############################
###################################################################################
KP_R3>en
Password: 
KP_R3#conf
KP_R3#configure term
KP_R3#configure terminal 
Enter configuration commands, one per line.  End with CNTL/Z.
KP_R3(config)#
KP_R3(config)#int loopback0
KP_R3(config-if)#
%LINK-5-CHANGED: Interface Loopback0, changed state to up
%LINEPROTO-5-UPDOWN: Line protocol on Interface Loopback0, changed state to up
KP_R3(config-if)#ip add
KP_R3(config-if)#ip address 7.0.0.3 255.255.255.255
KP_R3(config-if)#ipv
KP_R3(config-if)#ipv6 ens
KP_R3(config-if)#ipv6 ena
KP_R3(config-if)#ipv6 enable 
KP_R3(config-if)#ipv
KP_R3(config-if)#ipv6 add
KP_R3(config-if)#ipv6 address 2607:fea8::3/128
KP_R3(config-if)#end
KP_R3#
%SYS-5-CONFIG_I: Configured from console by console
KP_R3#writ
KP_R3#write 
Building configuration...
[OK]

###################################################################################
############################# CONFIG RIP VERSION 2 ################################
###################################################################################
KP_R1#confi
KP_R1#configure term
KP_R1#configure terminal 
Enter configuration commands, one per line.  End with CNTL/Z.
KP_R1(config)#route
KP_R1(config)#router rip
KP_R1(config-router)#versi
KP_R1(config-router)#version 2
KP_R1(config-router)#network 10.0.0.0
KP_R1(config-router)#network 10.0.4.0
KP_R1(config-router)#end
KP_R1#
%SYS-5-CONFIG_I: Configured from console by console
KP_R1#
KP_R1#writ
KP_R1#write 
Building configuration...
[OK]

###################################################################################
############################# CONFIG OSPF VERSION 1 ###############################
###################################################################################

KP_R1>en
Password: 
KP_R1#confi
KP_R1#configure term
KP_R1#configure terminal 
KP_R1(config)#router ospf 1
KP_R1(config-router)#network 10.0.0.5 0.0.0.3 area 0
KP_R1(config-router)#network 10.0.4.9 0.0.0.3 area 0
KP_R1(config-router)#end
KP_R1#
%SYS-5-CONFIG_I: Configured from console by console
KP_R1#wri
KP_R1#write 
Building configuration...
[OK]

###################################################################################
############################# CONFIG OSPF AUTHENTICATION ##########################
###################################################################################

KP_R3#conf
KP_R3#configure term
KP_R3#configure terminal 
Enter configuration commands, one per line.  End with CNTL/Z.
KP_R3(config)#rou
KP_R3(config)#router osp
KP_R3(config)#router ospf 1
KP_R3(config-router)#area 0 authen
KP_R3(config-router)#area 0 authentication mess
KP_R3(config-router)#area 0 authentication message-digest 
KP_R3(config-router)#exit
KP_R3(config)#
KP_R3(config)#int
KP_R3(config)#interface gig
KP_R3(config)#interface gigabitEthernet 0/1
KP_R3(config-if)#ip osp
KP_R3(config-if)#ip ospf mess
KP_R3(config-if)#ip ospf message-digest-key 1 md5 KP_KEY
KP_R3(config-if)#ip osp
KP_R3(config-if)#ip ospf auth
KP_R3(config-if)#ip ospf authen
KP_R3(config-if)#ip ospf authentication
KP_R3(config-if)#ip ospf authentication mess
KP_R3(config-if)#ip ospf authentication message-digest 
KP_R3(config-if)#end
KP_R3#

###################################################################################
################# CONFIG OSPF VERSION 1 AND RIP VERSION 2 #########################
###################################################################################

KP_R2>en
Password: 
KP_R2#
KP_R2#
KP_R2#confi
KP_R2#configure term
KP_R2#configure terminal 
Enter configuration commands, one per line.  End with CNTL/Z.
KP_R2(config)#rout
KP_R2(config)#router osp
KP_R2(config)#router ospf 1
KP_R2(config-router)#networ
KP_R2(config-router)#network 10.0.0.6 0.0.0.3 area 0
KP_R2(config-router)#redi
KP_R2(config-router)#redistribute rip subn
KP_R2(config-router)#redistribute rip subnets 
KP_R2(config-router)#
KP_R2(config-router)#exit
KP_R2(config)#router
KP_R2(config)#router rip
KP_R2(config-router)#version 2
KP_R2(config-router)#network 10.0.7.0
KP_R2(config-router)#redis
KP_R2(config-router)#redistribute osp
KP_R2(config-router)#redistribute ospf 1 metric 1
KP_R2(config-router)#no auto
KP_R2(config-router)#no auto-summary 
KP_R2(config-router)#end
KP_R2#
%SYS-5-CONFIG_I: Configured from console by console

KP_R2#wri
KP_R2#write 
Building configuration...
[OK]
KP_R2#exit

###################################################################################
############################# CONFIG SWITCH ################################
###################################################################################

switch(config)#interface FastEthernet 1/7
Switch(config-if)# switchport mode access
Switch(config-if)# switchport access VLAN 7

switch(config)#interface GigabitEthernet 0/0
Switch(config-if)# switchport mode trunk
Switch(config-if)# no switchport trunk allowed VLAN all
Switch(config-if)# switchport trunk allowed VLAN 1,7,10,13


###################################################################################
############################# CONFIG ACL ##########################################
###################################################################################

KP_R2>en
KP_R2#conf
KP_R2#configure term
KP_R2#configure terminal 
Enter configuration commands, one per line.  End with CNTL/Z.
KP_R2(config)#acc
KP_R2(config)#access-list 110 deny tcp any host 10.0.76.2 eq 21
KP_R2(config)#access-list 110 deny icmp any host 10.0.76.2
KP_R2(config)#access-list 110 perm
KP_R2(config)#access-list 110 permit ip any any
KP_R2(config)#int
KP_R2(config)#interface gig
KP_R2(config)#interface gigabitEthernet 0/0
KP_R2(config-if)#ip acc
KP_R2(config-if)#ip access-group 110 in
KP_R2(config-if)#ip access-group 110 out
KP_R2(config-if)#end
KP_R2#
%SYS-5-CONFIG_I: Configured from console by console

KP_R2#wri
KP_R2#write 
Building configuration...
[OK]
KP_R2#
KP_R2#exit

###################################################################################
############################# CONFIG VLAN #########################################
###################################################################################

KP_SW_1#conf
KP_SW_1#configure twerm
KP_SW_1#configure ter
KP_SW_1#configure terminal
Enter configuration commands, one per line.  End with CNTL/Z.
KP_SW_1(config)#vlan 23
KP_SW_1(config-vlan)#name VLAN_23
KP_SW_1(config-vlan)#end
KP_SW_1(config)#interface fastEthernet 0/2
KP_SW_1(config-if)#swit
KP_SW_1(config-if)#switchport mod
KP_SW_1(config-if)#switchport mode acc
KP_SW_1(config-if)#switchport mode access 
KP_SW_1(config-if)#switchport access vlan 23
KP_SW_1(config-vlan)#end
KP_SW_1#

###################################################################################
################## CONVERT SWITCH INTERFACE TO TRUNK ##############################
###################################################################################

KP_SW_1#conf
KP_SW_1#configure term
KP_SW_1#configure terminal 
Enter configuration commands, one per line.  End with CNTL/Z.
KP_SW_1(config)#inter
KP_SW_1(config)#interface gig
KP_SW_1(config)#interface gigabitEthernet0/1
KP_SW_1(config-if)#swit
KP_SW_1(config-if)#switchport mo
KP_SW_1(config-if)#switchport mode tru
KP_SW_1(config-if)#switchport mode trunk 

KP_SW_1(config-if)#
%LINEPROTO-5-UPDOWN: Line protocol on Interface GigabitEthernet0/1, changed state to down

%LINEPROTO-5-UPDOWN: Line protocol on Interface GigabitEthernet0/1, changed state to up
swit
KP_SW_1(config-if)#switchport tru
KP_SW_1(config-if)#switchport trunk all
KP_SW_1(config-if)#switchport trunk allowed vlan 23,24
KP_SW_1(config-if)#end
KP_SW_1#
%SYS-5-CONFIG_I: Configured from console by console

KP_SW_1#wri
KP_SW_1#write 
Building configuration...


###################################################################################
################## SETUP VIRTUAL PORT IN ROUTER FOR VLAN ##########################
###################################################################################

KP_R3>en
Password: 
KP_R3#conf
KP_R3#configure term
KP_R3#configure terminal 
Enter configuration commands, one per line.  End with CNTL/Z.
KP_R3(config)#int
KP_R3(config)#interface gig
KP_R3(config)#interface gigabitEthernet 0/2
KP_R3(config-if)#no ip
KP_R3(config-if)#no ip add
KP_R3(config-if)#no ip address 
KP_R3(config-if)#no shu
KP_R3(config-if)#no shutdown 
KP_R3(config-if)#exit
KP_R3#wri
KP_R3#write 
Building configuration...
[OK]
KP_R3#
KP_R3#
KP_R3#
KP_R3#
KP_R3#conf
KP_R3#configure term
KP_R3#configure terminal 
Enter configuration commands, one per line.  End with CNTL/Z.
KP_R3(config)#int
KP_R3(config)#interface gig
KP_R3(config)#interface gigabitEthernet 0/2.23
KP_R3(config-subif)#
%LINK-5-CHANGED: Interface GigabitEthernet0/2.23, changed state to up

%LINEPROTO-5-UPDOWN: Line protocol on Interface GigabitEthernet0/2.23, changed state to up

KP_R3(config-subif)#ip add
KP_R3(config-subif)#ip address 8.0.0.1 255.255.255.0

% Configuring IP routing on a LAN subinterface is only allowed if that
subinterface is already configured as part of an IEEE 802.10, IEEE 802.1Q,
or ISL vLAN.

KP_R3(config-subif)#ip address 8.0.0.1 255.255.255.0

% Configuring IP routing on a LAN subinterface is only allowed if that
subinterface is already configured as part of an IEEE 802.10, IEEE 802.1Q,
or ISL vLAN.

KP_R3(config-subif)#enc
KP_R3(config-subif)#encapsulation dot1q 23
KP_R3(config-subif)#ip address 8.0.0.1 255.255.255.0
KP_R3(config-subif)#no sh
KP_R3(config-subif)#no shutdown 
KP_R3(config-subif)#exit
KP_R3(config)#inter
KP_R3(config)#interface gig
KP_R3(config)#interface gigabitEthernet 0/2.24
KP_R3(config-subif)#no sh
KP_R3(config-subif)#no shutdown 
KP_R3(config-subif)#
%LINK-5-CHANGED: Interface GigabitEthernet0/2.24, changed state to up

%LINEPROTO-5-UPDOWN: Line protocol on Interface GigabitEthernet0/2.24, changed state to up

KP_R3(config-subif)#enc
KP_R3(config-subif)#encapsulation dot1q 24
KP_R3(config-subif)#ip address 11.0.0.1 255.255.255.0
KP_R3(config-subif)#no sh
KP_R3(config-subif)#no shutdown 
KP_R3(config-subif)#end
KP_R3#




#######
access-list 110 permit icmp host 8.0.0.2 host 11.0.0.2 echo
access-list 110 permit icmp host 8.0.0.2 host 11.0.0.2 echo-reply
access-list 110 deny tcp host 8.0.0.2 host 11.0.0.2 eq telnet
access-list 110 deny icmp host 11.0.0.5 host 8.0.0.5 echo
access-list 110 deny icmp host 11.0.0.5 host 8.0.0.5 echo-reply
access-list 110 permit tcp host 11.0.0.5 host 8.0.0.5 eq telnet
access-list 110 permit ip any any

#########
KP_R3(config)#interface gig
KP_R3(config)#interface gigabitEthernet0/2.23
KP_R3(config-subif)#ip acc
KP_R3(config-subif)#ip access-group 110 in
KP_R3(config-subif)#ip access-group 110 out
KP_R3(config-subif)#end
KP_R3#

#########
access-list 120 permit icmp host 10.0.0.5 host 11.0.0.2 echo
access-list 120 permit icmp host 10.0.4.9 host 11.0.0.2 echo
access-list 120 deny tcp host 10.0.0.5 host 11.0.0.2 eq telnet
access-list 120 deny tcp host 10.0.4.9 host 11.0.0.2 eq telnet
access-list 120 deny icmp host 11.0.0.2 host 10.0.0.5 echo
access-list 120 deny icmp host 11.0.0.2 host 10.0.4.9 echo
access-list 120 permit tcp host 11.0.0.2 host 10.0.0.5 eq telnet
access-list 120 permit tcp host 11.0.0.2 host 10.0.4.9 eq telnet
access-list 120 permit ip any any


###################################################################################
################## SETUP LOCAL USERNAME AND PASSWORD ##############################
###################################################################################

KP_R1(config)#
KP_R1(config)#use
KP_R1(config)#username tel
KP_R1(config)#username ?
  WORD  User name
KP_R1(config)#username telnet ?
  password   Specify the password for the user
  privilege  Set user privilege level
  secret     Specify the secret for the user
  <cr>
KP_R1(config)#username telnet pass
KP_R1(config)#username telnet password tel
KP_R1(config)#username telnet password telnet pri
KP_R1(config)#username telnet password telnet ?
  <cr>
KP_R1(config)#username telnet password telnet privilege 15
KP_R1(config)#


###################################################################################
################## CONFIG VTY TO ALLOW TELNET #####################################
###################################################################################

KP_R1#
KP_R1#conf
KP_R1#configure term
KP_R1#configure terminal 
Enter configuration commands, one per line.  End with CNTL/Z.
KP_R1(config)#lin
KP_R1(config)#line vty
KP_R1(config)#line vty 0 10
KP_R1(config-line)#login local
KP_R1(config-line)#tra
KP_R1(config-line)#transport ou
KP_R1(config-line)#transport output tel
KP_R1(config-line)#transport output telnet 
KP_R1(config-line)#end


###################################################################################
################## APPLY ACL ON VTY LINE ##########################################
###################################################################################

KP_R3#conf
KP_R3#configure term
KP_R3#configure terminal 
Enter configuration commands, one per line.  End with CNTL/Z.
KP_R3(config)#line vty 0 10
KP_R3(config-line)#access-class 110 in
KP_R3(config-line)#end



###################################################################################
################## SETUP BGP ROUTE ################################################
###################################################################################

KP_R2#conf
KP_R2#configure term
KP_R2#configure terminal 
Enter configuration commands, one per line.  End with CNTL/Z.
KP_R2(config)#rou
KP_R2(config)#router bg
KP_R2(config)#router bgp 65535
KP_R2(config-router)#neigh
KP_R2(config-router)#neighbor	
KP_R2(config-router)#neighbor 8.0.0.9
% Incomplete command.
KP_R2(config-router)#neighbor 8.0.0.9
KP_R2(config-router)#neighbor 8.0.0.9 remo
KP_R2(config-router)#neighbor 8.0.0.9 remote-as 64812
KP_R2(config-router)#red
KP_R2(config-router)#redistribute ospf 1
KP_R2(config-router)#end
KP_R2#
%SYS-5-CONFIG_I: Configured from console by console

KP_R2#wri
KP_R2#write 